Function declared "f" returns int
	Argument "argument" type int position 0
	Implicit variable "i" type int position 1
Argument/local read "i" type int frame position 1
Argument/local read "argument" type int frame position 0
Function called "f" returns int
