Function declared "f1" returns int
	Argument "a1" type int position 0
	Implicit variable "a7" type int position 1
	Implicit variable "a8" type int position 2
	Implicit variable "i" type int position 3
Function declared "f2" returns int
	Argument "a1" type int position 0
	Argument "a2" type string position 1
	Implicit variable "a7" type int position 2
	Implicit variable "a8" type int position 3
	Implicit variable "i" type int position 4
Function declared "f3" returns int
	Argument "a1" type int position 0
	Argument "a2" type string position 1
	Argument "a3" type int position 2
	Argument "a4" type string position 3
	Implicit variable "a7" type int position 4
	Implicit variable "a8" type int position 5
	Implicit variable "i" type int position 6
Function declared "f4" returns int
	Argument "a1" type int position 0
	Argument "a2" type string position 1
	Argument "a3" type int position 2
	Argument "a4" type string position 3
	Argument "a5" type int position 4
	Implicit variable "a7" type int position 5
	Implicit variable "a8" type int position 6
	Implicit variable "i" type int position 7
Function declared "f5" returns int
	Argument "a1" type int position 0
	Argument "a2" type string position 1
	Argument "a3" type int position 2
	Argument "a4" type string position 3
	Argument "a5" type int position 4
	Argument "a6" type string position 5
	Implicit variable "a7" type int position 6
	Implicit variable "a8" type int position 7
	Implicit variable "i" type int position 8
Function declared "f6" returns int
	Argument "a1" type int position 0
	Argument "a2" type string position 1
	Argument "a3" type int position 2
	Argument "a4" type string position 3
	Argument "a5" type int position 4
	Argument "a6" type string position 5
	Argument "a7" type int position 6
	Implicit variable "a8" type int position 7
	Implicit variable "i" type int position 8
Function declared "f7" returns int
	Argument "a1" type int position 0
	Argument "a2" type string position 1
	Argument "a3" type int position 2
	Argument "a4" type string position 3
	Argument "a5" type int position 4
	Argument "a6" type string position 5
	Argument "a7" type int position 6
	Argument "a8" type string position 7
	Implicit variable "i" type int position 8
