Function declared "f" returns int
	Implicit variable "i" type int position 0
Argument/local read "i" type int frame position 0
Function called "f" returns int
