Variable declared "variable" type int
Array written "arr" type int
Array read "arr" type int
Array read "arr" type int
