Function declared "f" returns int
Array written "arr" type int
Array read "arr" type int
