Array written "arr" type int
Array written "arr2" type string
